******* Machine details *******
$ hostname
429a059239fe
$ lscpu
Architecture:                    x86_64
CPU op-mode(s):                  32-bit, 64-bit
Byte Order:                      Little Endian
Address sizes:                   39 bits physical, 48 bits virtual
CPU(s):                          4
On-line CPU(s) list:             0-3
Thread(s) per core:              1
Core(s) per socket:              4
Socket(s):                       1
NUMA node(s):                    1
Vendor ID:                       GenuineIntel
CPU family:                      6
Model:                           94
Model name:                      Intel(R) Core(TM) i5-6500 CPU @ 3.20GHz
Stepping:                        3
CPU MHz:                         3200.000
CPU max MHz:                     3600.0000
CPU min MHz:                     800.0000
BogoMIPS:                        6384.00
Virtualization:                  VT-x
L1d cache:                       128 KiB
L1i cache:                       128 KiB
L2 cache:                        1 MiB
L3 cache:                        6 MiB
NUMA node0 CPU(s):               0-3
Vulnerability Itlb multihit:     KVM: Mitigation: Split huge pages
Vulnerability L1tf:              Mitigation; PTE Inversion; VMX conditional cache flushes, SMT disabled
Vulnerability Mds:               Mitigation; Clear CPU buffers; SMT disabled
Vulnerability Meltdown:          Mitigation; PTI
Vulnerability Spec store bypass: Mitigation; Speculative Store Bypass disabled via prctl and seccomp
Vulnerability Spectre v1:        Mitigation; usercopy/swapgs barriers and __user pointer sanitization
Vulnerability Spectre v2:        Mitigation; Full generic retpoline, IBPB conditional, IBRS_FW, STIBP disabled, RSB filling
Vulnerability Srbds:             Vulnerable: No microcode
Vulnerability Tsx async abort:   Mitigation; Clear CPU buffers; SMT disabled
Flags:                           fpu vme de pse tsc msr pae mce cx8 apic sep mtrr pge mca cmov pat pse36 clflush dts acpi mmx fxsr sse sse2 ss ht tm pbe syscall nx pdpe1gb rdtscp lm constant_tsc art arch_perfmon pebs bts rep_good nopl xtopology nonstop_tsc cpuid aperfmperf tsc_known_freq pni pclmulqdq dtes64 monitor ds_cpl vmx smx est tm2 ssse3 sdbg fma cx16 xtpr pdcm pcid sse4_1 sse4_2 x2apic movbe popcnt tsc_deadline_timer aes xsave avx f16c rdrand lahf_lm abm 3dnowprefetch cpuid_fault epb invpcid_single pti ssbd ibrs ibpb stibp tpr_shadow vnmi flexpriority ept vpid fsgsbase tsc_adjust bmi1 hle avx2 smep bmi2 erms invpcid rtm mpx rdseed adx smap clflushopt intel_pt xsaveopt xsavec xgetbv1 xsaves dtherm ida arat pln pts hwp hwp_notify hwp_act_window hwp_epp md_clear flush_l1d
$ cat /proc/meminfo
MemTotal:       15982172 kB
MemFree:         1761308 kB
MemAvailable:   14555584 kB
Buffers:            7152 kB
Cached:         12507316 kB
SwapCached:         2092 kB
Active:         10476192 kB
Inactive:        2489336 kB
Active(anon):     398860 kB
Inactive(anon):   348132 kB
Active(file):   10077332 kB
Inactive(file):  2141204 kB
Unevictable:           0 kB
Mlocked:               0 kB
SwapTotal:       4194300 kB
SwapFree:        4191484 kB
Dirty:               540 kB
Writeback:             0 kB
AnonPages:        448272 kB
Mapped:           310532 kB
Shmem:            416076 kB
Slab:            1144952 kB
SReclaimable:     949780 kB
SUnreclaim:       195172 kB
KernelStack:        5348 kB
PageTables:        17064 kB
NFS_Unstable:          0 kB
Bounce:                0 kB
WritebackTmp:          0 kB
CommitLimit:    12185384 kB
Committed_AS:    1959140 kB
VmallocTotal:   34359738367 kB
VmallocUsed:           0 kB
VmallocChunk:          0 kB
HardwareCorrupted:     0 kB
AnonHugePages:    135168 kB
ShmemHugePages:        0 kB
ShmemPmdMapped:        0 kB
HugePages_Total:       0
HugePages_Free:        0
HugePages_Rsvd:        0
HugePages_Surp:        0
Hugepagesize:       2048 kB
DirectMap4k:     2481344 kB
DirectMap2M:    14120960 kB
DirectMap1G:           0 kB
$ cat /proc/version
Linux version 4.12.14-lp151.28.67-default (geeko@buildhost) (gcc version 7.5.0 (SUSE Linux) ) #1 SMP Fri Sep 4 15:23:21 UTC 2020 (2c5a14f)
$ lsblk
NAME   MAJ:MIN RM   SIZE RO TYPE MOUNTPOINT
sda      8:0    0 119.2G  0 disk 
└─sda1   8:1    0 119.2G  0 part 
sr0     11:0    1  1024M  0 rom  
******* Experiment Repository *******
commit da7e0cccb9fa43ecfe79c3c5319e78efb2aee27a
Author: Samuel Teuber <samuel@samweb.org>

    Reactivated runlim in dockerfile

 1 file changed, 1 insertion(+), 3 deletions(-)
On branch paper-experiments
Your branch is up to date with 'origin/paper-experiments'.

Untracked files:
  (use "git add <file>..." to include in what will be committed)
	results/Problem10_16.c/01/approxmc/
	results/Problem10_16.c/02/approxmc/
	results/Problem10_16.c/03/approxmc/
	results/Problem10_16.c/04/approxmc/
	results/Problem10_16.c/05/approxmc/
	results/Problem13_4.c/01/approxmc/
	results/Problem13_4.c/02/approxmc/
	results/Problem13_4.c/03/approxmc/
	results/Problem13_4.c/04/approxmc/
	results/Problem13_4.c/05/approxmc/
	results/nondet.c/01/approxmc/
	results/nondet.c/02/approxmc/
	results/rangesum05.c/01/approxmc/
	results/rangesum05.c/02/approxmc/
	results/rangesum05.c/03/approxmc/
	results/rangesum05.c/04/approxmc/
	results/rangesum05.c/05/approxmc/
	results/rangesum07.c/01/approxmc/
	results/rangesum07.c/02/approxmc/
	results/rangesum07.c/03/approxmc/
	results/rangesum07.c/04/approxmc/
	results/rangesum07.c/05/approxmc/
	results/usqrt-broken.c/01/approxmc/
	results/usqrt-broken.c/02/approxmc/
	results/usqrt-broken.c/03/approxmc/
	results/usqrt-broken.c/04/approxmc/
	results/usqrt-broken.c/05/approxmc/
	results/usqrt.c/01/approxmc/
	results/usqrt.c/02/approxmc/
	results/usqrt.c/03/approxmc/
	results/usqrt.c/04/approxmc/
	results/usqrt.c/05/approxmc/

nothing added to commit but untracked files present (use "git add" to track)
******* CounterSharp Repository *******
/experiments/run-approxmc.sh: line 59: cd: ../counterSharp: No such file or directory
commit da7e0cccb9fa43ecfe79c3c5319e78efb2aee27a
Author: Samuel Teuber <samuel@samweb.org>

    Reactivated runlim in dockerfile

 1 file changed, 1 insertion(+), 3 deletions(-)
On branch paper-experiments
Your branch is up to date with 'origin/paper-experiments'.

Untracked files:
  (use "git add <file>..." to include in what will be committed)
	results/Problem10_16.c/01/approxmc/
	results/Problem10_16.c/02/approxmc/
	results/Problem10_16.c/03/approxmc/
	results/Problem10_16.c/04/approxmc/
	results/Problem10_16.c/05/approxmc/
	results/Problem13_4.c/01/approxmc/
	results/Problem13_4.c/02/approxmc/
	results/Problem13_4.c/03/approxmc/
	results/Problem13_4.c/04/approxmc/
	results/Problem13_4.c/05/approxmc/
	results/nondet.c/01/approxmc/
	results/nondet.c/02/approxmc/
	results/rangesum05.c/01/approxmc/
	results/rangesum05.c/02/approxmc/
	results/rangesum05.c/03/approxmc/
	results/rangesum05.c/04/approxmc/
	results/rangesum05.c/05/approxmc/
	results/rangesum07.c/01/approxmc/
	results/rangesum07.c/02/approxmc/
	results/rangesum07.c/03/approxmc/
	results/rangesum07.c/04/approxmc/
	results/rangesum07.c/05/approxmc/
	results/usqrt-broken.c/01/approxmc/
	results/usqrt-broken.c/02/approxmc/
	results/usqrt-broken.c/03/approxmc/
	results/usqrt-broken.c/04/approxmc/
	results/usqrt-broken.c/05/approxmc/
	results/usqrt.c/01/approxmc/
	results/usqrt.c/02/approxmc/
	results/usqrt.c/03/approxmc/
	results/usqrt.c/04/approxmc/
	results/usqrt.c/05/approxmc/

nothing added to commit but untracked files present (use "git add" to track)
