******* Machine details *******
$ hostname
326fb89a2e89
$ lscpu
Architecture:                    x86_64
CPU op-mode(s):                  32-bit, 64-bit
Byte Order:                      Little Endian
Address sizes:                   39 bits physical, 48 bits virtual
CPU(s):                          4
On-line CPU(s) list:             0-3
Thread(s) per core:              1
Core(s) per socket:              4
Socket(s):                       1
NUMA node(s):                    1
Vendor ID:                       GenuineIntel
CPU family:                      6
Model:                           94
Model name:                      Intel(R) Core(TM) i5-6500 CPU @ 3.20GHz
Stepping:                        3
CPU MHz:                         1816.127
CPU max MHz:                     3600.0000
CPU min MHz:                     800.0000
BogoMIPS:                        6399.96
Virtualization:                  VT-x
L1d cache:                       128 KiB
L1i cache:                       128 KiB
L2 cache:                        1 MiB
L3 cache:                        6 MiB
NUMA node0 CPU(s):               0-3
Vulnerability Itlb multihit:     KVM: Mitigation: VMX disabled
Vulnerability L1tf:              Mitigation; PTE Inversion; VMX conditional cache flushes, SMT disabled
Vulnerability Mds:               Mitigation; Clear CPU buffers; SMT disabled
Vulnerability Meltdown:          Mitigation; PTI
Vulnerability Spec store bypass: Mitigation; Speculative Store Bypass disabled via prctl and seccomp
Vulnerability Spectre v1:        Mitigation; usercopy/swapgs barriers and __user pointer sanitization
Vulnerability Spectre v2:        Mitigation; Full generic retpoline, IBPB conditional, IBRS_FW, STIBP disabled, RSB filling
Vulnerability Srbds:             Mitigation; Microcode
Vulnerability Tsx async abort:   Mitigation; Clear CPU buffers; SMT disabled
Flags:                           fpu vme de pse tsc msr pae mce cx8 apic sep mtrr pge mca cmov pat pse36 clflush dts acpi mmx fxsr sse sse2 ss ht tm pbe syscall nx pdpe1gb rdtscp lm constant_tsc art arch_perfmon pebs bts rep_good nopl xtopology nonstop_tsc cpuid aperfmperf pni pclmulqdq dtes64 monitor ds_cpl vmx smx est tm2 ssse3 sdbg fma cx16 xtpr pdcm pcid sse4_1 sse4_2 x2apic movbe popcnt tsc_deadline_timer aes xsave avx f16c rdrand lahf_lm abm 3dnowprefetch cpuid_fault epb invpcid_single pti ssbd ibrs ibpb stibp tpr_shadow vnmi flexpriority ept vpid ept_ad fsgsbase tsc_adjust bmi1 hle avx2 smep bmi2 erms invpcid rtm mpx rdseed adx smap clflushopt intel_pt xsaveopt xsavec xgetbv1 xsaves dtherm ida arat pln pts hwp hwp_notify hwp_act_window hwp_epp md_clear flush_l1d
$ cat /proc/meminfo
MemTotal:       15952896 kB
MemFree:          447940 kB
MemAvailable:   14774428 kB
Buffers:            5296 kB
Cached:         13154800 kB
SwapCached:          320 kB
Active:          9114772 kB
Inactive:        4381228 kB
Active(anon):     166308 kB
Inactive(anon):   260336 kB
Active(file):    8948464 kB
Inactive(file):  4120892 kB
Unevictable:         132 kB
Mlocked:               0 kB
SwapTotal:       4194300 kB
SwapFree:        4191228 kB
Dirty:                20 kB
Writeback:             0 kB
AnonPages:        336052 kB
Mapped:           349728 kB
Shmem:            108420 kB
KReclaimable:    1594212 kB
Slab:            1925060 kB
SReclaimable:    1594212 kB
SUnreclaim:       330848 kB
KernelStack:        5336 kB
PageTables:        14632 kB
NFS_Unstable:          0 kB
Bounce:                0 kB
WritebackTmp:          0 kB
CommitLimit:    12170748 kB
Committed_AS:    1719396 kB
VmallocTotal:   34359738367 kB
VmallocUsed:       21468 kB
VmallocChunk:          0 kB
Percpu:             3424 kB
HardwareCorrupted:     0 kB
AnonHugePages:     98304 kB
ShmemHugePages:        0 kB
ShmemPmdMapped:        0 kB
HugePages_Total:       0
HugePages_Free:        0
HugePages_Rsvd:        0
HugePages_Surp:        0
Hugepagesize:       2048 kB
Hugetlb:               0 kB
DirectMap4k:     1899712 kB
DirectMap2M:    14702592 kB
DirectMap1G:           0 kB
$ cat /proc/version
Linux version 5.3.18-lp152.66-preempt (geeko@buildhost) (gcc version 7.5.0 (SUSE Linux)) #1 SMP PREEMPT Tue Mar 2 13:18:19 UTC 2021 (73933a3)
$ lsblk
NAME   MAJ:MIN RM   SIZE RO TYPE MOUNTPOINT
sda      8:0    0 119.2G  0 disk 
└─sda1   8:1    0 119.2G  0 part 
sr0     11:0    1  1024M  0 rom  
******* Experiment Repository *******
commit 4d977d7d9263d86ca2e95eb3e4b21aaa1bdf0032
Author: Samuel Teuber <samuel@samweb.org>

    Removed incomplete results for gsv2008

 151 files changed, 2 insertions(+), 2324535 deletions(-)
On branch gsv-update
Your branch is up to date with 'origin/gsv-update'.

Changes not staged for commit:
  (use "git add <file>..." to update what will be committed)
  (use "git restore <file>..." to discard changes in working directory)
	modified:   docker-compose.yml

Untracked files:
  (use "git add <file>..." to include in what will be committed)
	results/gsv2008-2.c/01/approxmc/
	results/gsv2008-2.c/01/counterSharp/
	results/gsv2008-2.c/01/ganak/
	results/gsv2008-2.c/02/approxmc/
	results/gsv2008-2.c/02/counterSharp/
	results/gsv2008-2.c/02/ganak/
	results/gsv2008-2.c/03/approxmc/
	results/gsv2008-2.c/03/counterSharp/
	results/gsv2008-2.c/03/ganak/
	results/gsv2008-2.c/04/approxmc/
	results/gsv2008-2.c/04/counterSharp/
	results/gsv2008-2.c/05/approxmc/
	results/gsv2008-2.c/05/counterSharp/
	results/gsv2008.c/01/approxmc/
	results/gsv2008.c/01/counterSharp/
	results/gsv2008.c/01/ganak/
	results/gsv2008.c/02/approxmc/
	results/gsv2008.c/02/counterSharp/
	results/gsv2008.c/02/ganak/
	results/gsv2008.c/03/approxmc/
	results/gsv2008.c/03/counterSharp/
	results/gsv2008.c/03/ganak/
	results/gsv2008.c/04/approxmc/
	results/gsv2008.c/04/counterSharp/
	results/gsv2008.c/04/ganak/
	results/gsv2008.c/05/approxmc/
	results/gsv2008.c/05/counterSharp/
	results/gsv2008.c/05/ganak/

no changes added to commit (use "git add" and/or "git commit -a")
******* CounterSharp Repository *******
/experiments/run-ganak.sh: line 59: cd: ../counterSharp: No such file or directory
commit 4d977d7d9263d86ca2e95eb3e4b21aaa1bdf0032
Author: Samuel Teuber <samuel@samweb.org>

    Removed incomplete results for gsv2008

 151 files changed, 2 insertions(+), 2324535 deletions(-)
On branch gsv-update
Your branch is up to date with 'origin/gsv-update'.

Changes not staged for commit:
  (use "git add <file>..." to update what will be committed)
  (use "git restore <file>..." to discard changes in working directory)
	modified:   docker-compose.yml

Untracked files:
  (use "git add <file>..." to include in what will be committed)
	results/gsv2008-2.c/01/approxmc/
	results/gsv2008-2.c/01/counterSharp/
	results/gsv2008-2.c/01/ganak/
	results/gsv2008-2.c/02/approxmc/
	results/gsv2008-2.c/02/counterSharp/
	results/gsv2008-2.c/02/ganak/
	results/gsv2008-2.c/03/approxmc/
	results/gsv2008-2.c/03/counterSharp/
	results/gsv2008-2.c/03/ganak/
	results/gsv2008-2.c/04/approxmc/
	results/gsv2008-2.c/04/counterSharp/
	results/gsv2008-2.c/05/approxmc/
	results/gsv2008-2.c/05/counterSharp/
	results/gsv2008.c/01/approxmc/
	results/gsv2008.c/01/counterSharp/
	results/gsv2008.c/01/ganak/
	results/gsv2008.c/02/approxmc/
	results/gsv2008.c/02/counterSharp/
	results/gsv2008.c/02/ganak/
	results/gsv2008.c/03/approxmc/
	results/gsv2008.c/03/counterSharp/
	results/gsv2008.c/03/ganak/
	results/gsv2008.c/04/approxmc/
	results/gsv2008.c/04/counterSharp/
	results/gsv2008.c/04/ganak/
	results/gsv2008.c/05/approxmc/
	results/gsv2008.c/05/counterSharp/
	results/gsv2008.c/05/ganak/

no changes added to commit (use "git add" and/or "git commit -a")
